// Jest Snapshot v1, https://goo.gl/fbAQLP

exports[`<LoadingIndicator /> renders 1`] = `
<div
  className="loading"
>
  <div
    className="loading_dot"
  />
  <div
    className="loading_dot"
  />
  <div
    className="loading_dot"
  />
</div>
`;
